// Jest Snapshot v1, https://goo.gl/fbAQLP

exports[`ImageContainer match HTML structure 1`] = `
<figure
  class="image-container"
>
  <img
    alt="This is an alt text."
    class="image-container__image"
    src="/i/2341.gif"
  />
   
  <!---->
</figure>
`;
